[PDF] Loaded Chinese font: C:\Windows\Fonts\msyh.ttc
🏗  建筑材料数据库 API
   数据库: D:\Mac\Mac\workteam\05_space\03_architect\_ArchitectLib\MaterialDb\materials.db
   静态文件: D:\Mac\Mac\workteam\05_space\03_architect\_ArchitectLib\MaterialWeb
   访问: http://localhost:5188
   API文档: http://localhost:5188/api/materials
 * Serving Flask app 'api_server'
 * Debug mode: on
[PDF] Loaded Chinese font: C:\Windows\Fonts\msyh.ttc
🏗  建筑材料数据库 API
   数据库: D:\Mac\Mac\workteam\05_space\03_architect\_ArchitectLib\MaterialDb\materials.db
   静态文件: D:\Mac\Mac\workteam\05_space\03_architect\_ArchitectLib\MaterialWeb
   访问: http://localhost:5188
   API文档: http://localhost:5188/api/materials
[PDF] Loaded Chinese font: C:\Windows\Fonts\msyh.ttc
🏗  MaterialWeb v1.0.0
   DB:        D:\Mac\Mac\Mac\workteam\05_space\03_architect\Defense\06-Material\_ArchiDefenseMaterial\MaterialWeb\db\materials.db
   静态目录:  D:\Mac\Mac\Mac\workteam\05_space\03_architect\Defense\06-Material\_ArchiDefenseMaterial\MaterialWeb\client
   访问:      http://localhost:8089
 * Serving Flask app 'server.core'
 * Debug mode: on
[PDF] Loaded Chinese font: C:\Windows\Fonts\msyh.ttc
🏗  MaterialWeb v1.0.0
   DB:        D:\Mac\Mac\Mac\workteam\05_space\03_architect\Defense\06-Material\_ArchiDefenseMaterial\MaterialWeb\db\materials.db
   静态目录:  D:\Mac\Mac\Mac\workteam\05_space\03_architect\Defense\06-Material\_ArchiDefenseMaterial\MaterialWeb\client
   访问:      http://localhost:8090
 * Serving Flask app 'server.core'
 * Debug mode: on
[PDF] Loaded Chinese font: C:\Windows\Fonts\msyh.ttc
🏗  MaterialWeb v1.0.0
   DB:        D:\Mac\Mac\Mac\workteam\05_space\03_architect\Defense\06-Material\_ArchiDefenseMaterial\MaterialWeb\db\materials.db
   静态目录:  D:\Mac\Mac\Mac\workteam\05_space\03_architect\Defense\06-Material\_ArchiDefenseMaterial\MaterialWeb\client
   访问:      http://localhost:8091
 * Serving Flask app 'server.core'
 * Debug mode: on
[PDF] Loaded Chinese font: C:\Windows\Fonts\msyh.ttc
🏗  MaterialWeb v1.0.0
   DB:        D:\Mac\Mac\Mac\workteam\05_space\03_architect\Defense\06-Material\_ArchiDefenseMaterial\MaterialWeb\db\materials.db
   静态目录:  D:\Mac\Mac\Mac\workteam\05_space\03_architect\Defense\06-Material\_ArchiDefenseMaterial\MaterialWeb\client
   访问:      http://localhost:8091
 * Serving Flask app 'server.core'
 * Debug mode: on
[PDF] Loaded Chinese font: C:\Windows\Fonts\msyh.ttc
🏗  MaterialWeb v1.0.0
   DB:        D:\Mac\Mac\Mac\workteam\05_space\03_architect\Defense\06-Material\_ArchiDefenseMaterial\MaterialWeb\db\materials.db
   静态目录:  D:\Mac\Mac\Mac\workteam\05_space\03_architect\Defense\06-Material\_ArchiDefenseMaterial\MaterialWeb\client
   访问:      http://localhost:8092
 * Serving Flask app 'server.core'
 * Debug mode: on
[PDF] Loaded Chinese font: C:\Windows\Fonts\msyh.ttc
🏗  MaterialWeb v1.0.0
   DB:        D:\Mac\Mac\Mac\workteam\05_space\03_architect\Defense\06-Material\_ArchiDefenseMaterial\MaterialWeb\db\materials.db
   静态目录:  D:\Mac\Mac\Mac\workteam\05_space\03_architect\Defense\06-Material\_ArchiDefenseMaterial\MaterialWeb\client
   访问:      http://localhost:8092
 * Serving Flask app 'server.core'
 * Debug mode: on
[PDF] Loaded Chinese font: C:\Windows\Fonts\msyh.ttc
🏗  MaterialWeb v1.0.0
   DB:        D:\Mac\Mac\Mac\workteam\05_space\03_architect\Defense\06-Material\_ArchiDefenseMaterial\MaterialWeb\db\materials.db
   静态目录:  D:\Mac\Mac\Mac\workteam\05_space\03_architect\Defense\06-Material\_ArchiDefenseMaterial\MaterialWeb\client
   访问:      http://localhost:8092
 * Serving Flask app 'server.core'
 * Debug mode: on
[PDF] Loaded Chinese font: C:\Windows\Fonts\msyh.ttc
🏗  MaterialWeb v1.0.0
   DB:        D:\Mac\Mac\Mac\workteam\05_space\03_architect\Defense\06-Material\_ArchiDefenseMaterial\MaterialWeb\db\materials.db
   静态目录:  D:\Mac\Mac\Mac\workteam\05_space\03_architect\Defense\06-Material\_ArchiDefenseMaterial\MaterialWeb\client
   访问:      http://localhost:8093
 * Serving Flask app 'server.core'
 * Debug mode: on
[PDF] Loaded Chinese font: C:\Windows\Fonts\msyh.ttc
🏗  MaterialWeb v1.0.0
   DB:        D:\Mac\Mac\Mac\workteam\05_space\03_architect\Defense\06-Material\_ArchiDefenseMaterial\MaterialWeb\db\materials.db
   静态目录:  D:\Mac\Mac\Mac\workteam\05_space\03_architect\Defense\06-Material\_ArchiDefenseMaterial\MaterialWeb\client
   访问:      http://localhost:8093
 * Serving Flask app 'server.core'
 * Debug mode: on
[PDF] Loaded Chinese font: C:\Windows\Fonts\msyh.ttc
🏗  MaterialWeb v1.0.0
   DB:        D:\Mac\Mac\Mac\workteam\05_space\03_architect\Defense\06-Material\_ArchiDefenseMaterial\MaterialWeb\db\materials.db
   静态目录:  D:\Mac\Mac\Mac\workteam\05_space\03_architect\Defense\06-Material\_ArchiDefenseMaterial\MaterialWeb\client
   访问:      http://localhost:8093
 * Serving Flask app 'server.core'
 * Debug mode: on
[PDF] Loaded Chinese font: C:\Windows\Fonts\msyh.ttc
🏗  MaterialWeb v1.0.0
   DB:        D:\Mac\Mac\Mac\workteam\05_space\03_architect\Defense\06-Material\_ArchiDefenseMaterial\MaterialWeb\db\materials.db
   静态目录:  D:\Mac\Mac\Mac\workteam\05_space\03_architect\Defense\06-Material\_ArchiDefenseMaterial\MaterialWeb\client
   访问:      http://localhost:8093
 * Serving Flask app 'server.core'
 * Debug mode: on
[PDF] Loaded Chinese font: C:\Windows\Fonts\msyh.ttc
🏗  MaterialWeb v1.0.0
   DB:        D:\Mac\Mac\Mac\workteam\05_space\03_architect\Defense\06-Material\_ArchiDefenseMaterial\MaterialWeb\db\materials.db
   静态目录:  D:\Mac\Mac\Mac\workteam\05_space\03_architect\Defense\06-Material\_ArchiDefenseMaterial\MaterialWeb\client
   访问:      http://localhost:8093
 * Serving Flask app 'server.core'
 * Debug mode: on
[PDF] Loaded Chinese font: C:\Windows\Fonts\msyh.ttc
🏗  MaterialWeb v1.0.0
   DB:        D:\Mac\Mac\Mac\workteam\05_space\03_architect\Defense\06-Material\_ArchiDefenseMaterial\MaterialWeb\db\materials.db
   静态目录:  D:\Mac\Mac\Mac\workteam\05_space\03_architect\Defense\06-Material\_ArchiDefenseMaterial\MaterialWeb\client
   访问:      http://localhost:8093
 * Serving Flask app 'server.core'
 * Debug mode: on
[PDF] Loaded Chinese font: C:\Windows\Fonts\msyh.ttc
🏗  MaterialWeb v1.0.0
   DB:        D:\Mac\Mac\Mac\workteam\05_space\03_architect\Defense\06-Material\_ArchiDefenseMaterial\MaterialWeb\db\materials.db
   静态目录:  D:\Mac\Mac\Mac\workteam\05_space\03_architect\Defense\06-Material\_ArchiDefenseMaterial\MaterialWeb\client
   访问:      http://localhost:8093
 * Serving Flask app 'server.core'
 * Debug mode: on
[PDF] Loaded Chinese font: C:\Windows\Fonts\msyh.ttc
🏗  MaterialWeb v1.0.0
   DB:        D:\Mac\Mac\Mac\workteam\05_space\03_architect\Defense\06-Material\_ArchiDefenseMaterial\MaterialWeb\db\materials.db
   静态目录:  D:\Mac\Mac\Mac\workteam\05_space\03_architect\Defense\06-Material\_ArchiDefenseMaterial\MaterialWeb\client
   访问:      http://localhost:8093
 * Serving Flask app 'server.core'
 * Debug mode: on
[PDF] Loaded Chinese font: C:\Windows\Fonts\msyh.ttc
🏗  MaterialWeb v1.0.0
   DB:        D:\Mac\Mac\Mac\workteam\05_space\03_architect\Defense\06-Material\_ArchiDefenseMaterial\MaterialWeb\db\materials.db
   静态目录:  D:\Mac\Mac\Mac\workteam\05_space\03_architect\Defense\06-Material\_ArchiDefenseMaterial\MaterialWeb\client
   访问:      http://localhost:8093
 * Serving Flask app 'server.core'
 * Debug mode: on
[PDF] Loaded Chinese font: C:\Windows\Fonts\msyh.ttc
🏗  MaterialWeb v1.0.0
   DB:        D:\Mac\Mac\Mac\workteam\05_space\03_architect\Defense\06-Material\_ArchiDefenseMaterial\MaterialWeb\db\materials.db
   静态目录:  D:\Mac\Mac\Mac\workteam\05_space\03_architect\Defense\06-Material\_ArchiDefenseMaterial\MaterialWeb\client
   访问:      http://localhost:8093
 * Serving Flask app 'server.core'
 * Debug mode: on
[PDF] Loaded Chinese font: C:\Windows\Fonts\msyh.ttc
🏗  MaterialWeb v1.0.0
   DB:        D:\Mac\Mac\Mac\workteam\05_space\03_architect\Defense\06-Material\_ArchiDefenseMaterial\MaterialWeb\db\materials.db
   静态目录:  D:\Mac\Mac\Mac\workteam\05_space\03_architect\Defense\06-Material\_ArchiDefenseMaterial\MaterialWeb\client
   访问:      http://localhost:8093
 * Serving Flask app 'server.core'
 * Debug mode: on
[PDF] Loaded Chinese font: C:\Windows\Fonts\msyh.ttc
🏗  MaterialWeb v1.0.0
   DB:        D:\Mac\Mac\Mac\workteam\05_space\03_architect\Defense\06-Material\_ArchiDefenseMaterial\MaterialWeb\db\materials.db
   静态目录:  D:\Mac\Mac\Mac\workteam\05_space\03_architect\Defense\06-Material\_ArchiDefenseMaterial\MaterialWeb\client
   访问:      http://localhost:8093
 * Serving Flask app 'server.core'
 * Debug mode: on
[PDF] Loaded Chinese font: C:\Windows\Fonts\msyh.ttc
🏗  MaterialWeb v1.0.0
   DB:        D:\Mac\Mac\Mac\workteam\05_space\03_architect\Defense\06-Material\_ArchiDefenseMaterial\MaterialWeb\db\materials.db
   静态目录:  D:\Mac\Mac\Mac\workteam\05_space\03_architect\Defense\06-Material\_ArchiDefenseMaterial\MaterialWeb\client
   访问:      http://localhost:8093
 * Serving Flask app 'server.core'
 * Debug mode: on
[PDF] Loaded Chinese font: C:\Windows\Fonts\msyh.ttc
🏗  MaterialWeb v1.0.0
   DB:        D:\Mac\Mac\Mac\workteam\05_space\03_architect\Defense\06-Material\_ArchiDefenseMaterial\MaterialWeb\db\materials.db
   静态目录:  D:\Mac\Mac\Mac\workteam\05_space\03_architect\Defense\06-Material\_ArchiDefenseMaterial\MaterialWeb\client
   访问:      http://localhost:8093
 * Serving Flask app 'server.core'
 * Debug mode: on
[PDF] Loaded Chinese font: C:\Windows\Fonts\msyh.ttc
🏗  MaterialWeb v1.0.0
   DB:        D:\Mac\Mac\Mac\workteam\05_space\03_architect\Defense\06-Material\_ArchiDefenseMaterial\MaterialWeb\db\materials.db
   静态目录:  D:\Mac\Mac\Mac\workteam\05_space\03_architect\Defense\06-Material\_ArchiDefenseMaterial\MaterialWeb\client
   访问:      http://localhost:8093
 * Serving Flask app 'server.core'
 * Debug mode: on
[PDF] Loaded Chinese font: C:\Windows\Fonts\msyh.ttc
🏗  MaterialWeb v1.0.0
   DB:        D:\Mac\Mac\Mac\workteam\05_space\03_architect\Defense\06-Material\_ArchiDefenseMaterial\MaterialWeb\db\materials.db
   静态目录:  D:\Mac\Mac\Mac\workteam\05_space\03_architect\Defense\06-Material\_ArchiDefenseMaterial\MaterialWeb\client
   访问:      http://localhost:8093
 * Serving Flask app 'server.core'
 * Debug mode: on
[PDF] Loaded Chinese font: C:\Windows\Fonts\msyh.ttc
🏗  MaterialWeb v1.0.0
   DB:        D:\Mac\Mac\Mac\workteam\05_space\03_architect\Defense\06-Material\_ArchiDefenseMaterial\MaterialWeb\db\materials.db
   静态目录:  D:\Mac\Mac\Mac\workteam\05_space\03_architect\Defense\06-Material\_ArchiDefenseMaterial\MaterialWeb\client
   访问:      http://localhost:8086
 * Serving Flask app 'server.core'
 * Debug mode: on
